// Jest Snapshot v1, https://goo.gl/fbAQLP

exports[`@Throttle() errors if applied to a class 1`] = `"\`@Throttle\` may only be applied to class methods."`;

exports[`@Throttle() errors if applied to a property 1`] = `"\`@Throttle\` may only be applied to class methods."`;
