// Jest Snapshot v1, https://goo.gl/fbAQLP

exports[`Work constructor() errors if action is not a function 1`] = `"Work units require an executable function. [PLN:ACTION_REQUIRED]"`;

exports[`Work constructor() errors if no title 1`] = `"Work units require a title. [PLN:WORK_REQUIRED_TITLE]"`;

exports[`Work constructor() errors if title is not a string 1`] = `"Work units require a title. [PLN:WORK_REQUIRED_TITLE]"`;
