// Jest Snapshot v1, https://goo.gl/fbAQLP

exports[`Label renders a string wrapped in text 1`] = `"[1mContent[22m"`;

exports[`Label renders an element 1`] = `"[31mContent[39m"`;
