// Jest Snapshot v1, https://goo.gl/fbAQLP

exports[`ProgressOutput toString() doesnt show incomplete progress when transparent is enabled 1`] = `"â–ˆâ–ˆâ–ˆâ–ˆâ–ˆâ–ˆâ–ˆâ–ˆâ–ˆâ–ˆâ–ˆâ–ˆâ–ˆâ–ˆâ–ˆâ–ˆâ–ˆâ–ˆâ–ˆâ–ˆâ–ˆâ–ˆâ–ˆâ–ˆâ–ˆ                         "`;

exports[`ProgressOutput toString() renders classic style with elapsed time 1`] = `"======================------------ | 123ms elapsed"`;

exports[`ProgressOutput toString() renders gren when above 90 and color enabled 1`] = `"[32mâ– â– â– â– â– â– â– â– â– â– â– â– â– â– â– â– â– â– â– â– â– â– â– â– â– â– â– â– â– â– â– â– â– â– â– â– â– â– â– â– â– â– â– â– â– â– â– â–   [39m"`;

exports[`ProgressOutput toString() renders hash style with elapsed time 1`] = `"64ms eta / ##########################-------------"`;

exports[`ProgressOutput toString() renders pipe style with rate 1`] = `"178.86 bps / ||||||||-----------------------------"`;

exports[`ProgressOutput toString() renders red when below 45 and color enabled 1`] = `"[31mâ– â– â– â– â– â– â– â–                                           [39m"`;

exports[`ProgressOutput toString() renders square style with everything 1`] = `"â– â– â– â–                  22% 22/100 123ms 437ms 178.86"`;

exports[`ProgressOutput toString() renders with default params 1`] = `"25% â–ˆâ–ˆâ–ˆâ–ˆâ–ˆâ–ˆâ–ˆâ–ˆâ–ˆâ–ˆâ–‘â–‘â–‘â–‘â–‘â–‘â–‘â–‘â–‘â–‘â–‘â–‘â–‘â–‘â–‘â–‘â–‘â–‘â–‘â–‘â–‘â–‘â–‘â–‘â–‘â–‘â–‘â–‘â–‘ 25/100"`;

exports[`ProgressOutput toString() renders yellow when above 45 and color enabled 1`] = `"[33mâ– â– â– â– â– â– â– â– â– â– â– â– â– â– â– â– â– â– â– â– â– â– â– â– â– â– â– â– â– â– â– â– â– â– â– â– â– â–             [39m"`;
