// Jest Snapshot v1, https://goo.gl/fbAQLP

exports[`<Style /> renders \`default\` 1`] = `"[37mTest[39m"`;

exports[`<Style /> renders \`default\` inverted 1`] = `"[47m[30mTest[39m[49m"`;

exports[`<Style /> renders \`failure\` 1`] = `"[31mTest[39m"`;

exports[`<Style /> renders \`failure\` inverted 1`] = `"[41m[30mTest[39m[49m"`;

exports[`<Style /> renders \`info\` 1`] = `"[36mTest[39m"`;

exports[`<Style /> renders \`info\` inverted 1`] = `"[46m[30mTest[39m[49m"`;

exports[`<Style /> renders \`inverted\` 1`] = `"[30mTest[39m"`;

exports[`<Style /> renders \`inverted\` inverted 1`] = `"[30mTest[39m"`;

exports[`<Style /> renders \`muted\` 1`] = `"[90mTest[39m"`;

exports[`<Style /> renders \`muted\` inverted 1`] = `"[100m[30mTest[39m[49m"`;

exports[`<Style /> renders \`none\` 1`] = `"Test"`;

exports[`<Style /> renders \`none\` inverted 1`] = `"Test"`;

exports[`<Style /> renders \`notice\` 1`] = `"[35mTest[39m"`;

exports[`<Style /> renders \`notice\` inverted 1`] = `"[45m[30mTest[39m[49m"`;

exports[`<Style /> renders \`success\` 1`] = `"[32mTest[39m"`;

exports[`<Style /> renders \`success\` inverted 1`] = `"[42m[30mTest[39m[49m"`;

exports[`<Style /> renders \`warning\` 1`] = `"[33mTest[39m"`;

exports[`<Style /> renders \`warning\` inverted 1`] = `"[43m[30mTest[39m[49m"`;

exports[`<Style /> supports bold, italics, etc 1`] = `"[3m[1m[37mTest[39m[22m[23m"`;
