// Jest Snapshot v1, https://goo.gl/fbAQLP

exports[`IgnoreFinder errors if name is not in camel case 1`] = `
"The following validations have failed for \`IgnoreFinder\`:
  - Invalid field \\"name\\". String must be in camel case. (pattern \\"^[a-z][a-zA-Z0-9]+$\\")"
`;
