// Jest Snapshot v1, https://goo.gl/fbAQLP

exports[`@Memoize() errors if applied to a class 1`] = `"\`@Memoize\` may only be applied to class methods or getters."`;

exports[`@Memoize() errors if applied to a property 1`] = `"\`@Memoize\` may only be applied to class methods or getters."`;
