// Jest Snapshot v1, https://goo.gl/fbAQLP

exports[`Input custom \`exit\` doesnt cause an infinite loop 1`] = `""`;
