// Jest Snapshot v1, https://goo.gl/fbAQLP

exports[`ModuleLoader importModule() errors for missing node module (with boost) 1`] = `"Missing plugin. Attempted import in order: @test-boost/plugin-missing, test-boost-plugin-missing, @boost/plugin-missing, boost-plugin-missing"`;

exports[`ModuleLoader importModule() errors for missing node module (with scope) 1`] = `"Missing plugin. Attempted import in order: @test-boost/plugin-missing, test-boost-plugin-missing"`;

exports[`ModuleLoader importModule() errors for missing node module 1`] = `"Missing plugin. Attempted import in order: test-boost-plugin-missing"`;

exports[`ModuleLoader importModule() errors if a non-function is exported 1`] = `"Invalid plugin class definition exported from \\"test-boost-plugin-nonfunc\\"."`;

exports[`ModuleLoader importModule() errors if a non-plugin instance is exported 1`] = `"Invalid plugin class definition exported from \\"test-boost-plugin-nonplugin\\"."`;

exports[`ModuleLoader importModule() errors if a non-plugin is exported 1`] = `"Plugin exported from \\"test-boost-plugin-func\\" is invalid."`;

exports[`ModuleLoader importModule() errors if a plugin instance is exported 1`] = `"A plugin class instance was exported from \\"test-boost-plugin-instance\\". Test-boost requires a plugin class definition to be exported."`;

exports[`ModuleLoader importModuleFromOptions() errors if key doesnt exist 1`] = `"A \\"plugin\\" property must exist when loading through an options object."`;

exports[`ModuleLoader importModuleFromOptions() errors if key is not a string 1`] = `"A \\"plugin\\" property must exist when loading through an options object."`;

exports[`ModuleLoader loadModules() errors if an unsupported value is passed 1`] = `"Invalid plugin. Must be a class instance or a module that exports a class definition."`;
