// Jest Snapshot v1, https://goo.gl/fbAQLP

exports[`Reporter getColorPalette() errors if theme does not exist 1`] = `"Missing theme. Attempted import in order: test-boost-theme-custom, @boost/theme-custom, boost-theme-custom"`;
