// Jest Snapshot v1, https://goo.gl/fbAQLP

exports[`Routine constructor() throws an error if key is not a string 1`] = `"Routine key must be a valid unique string."`;

exports[`Routine constructor() throws an error if no key is provided 1`] = `"Routine key must be a valid unique string."`;

exports[`Routine pipe() throws an error if a non-Routine is passed 1`] = `"Routines must be an instance of \`Routine\`."`;

exports[`Routine task() errors if not a function 1`] = `"Tasks require an action function."`;
