// Jest Snapshot v1, https://goo.gl/fbAQLP

exports[`PasswordInput renders default value as stars 1`] = `"[36m?[39m [1mPassword?[22m ****"`;

exports[`PasswordInput renders entered text as stars 1`] = `"[36m?[39m [1mPassword?[22m ***********[46m[30m [39m[49m"`;

exports[`PasswordInput renders label by default 1`] = `"[36m?[39m [1mPassword?[22m"`;

exports[`PasswordInput renders placeholder if no default value 1`] = `"[36m?[39m [1mPassword?[22m [90m<password>[39m"`;
